// Jest Snapshot v1, https://goo.gl/fbAQLP

exports[`converter saga recount values saga should select active field 1`] = `
Object {
  "@@redux-saga/IO": true,
  "combinator": false,
  "payload": Object {
    "args": Array [],
    "selector": [Function],
  },
  "type": "SELECT",
}
`;

exports[`converter saga recount values saga should select coefficient 1`] = `
Object {
  "@@redux-saga/IO": true,
  "combinator": false,
  "payload": Object {
    "args": Array [],
    "selector": [Function],
  },
  "type": "SELECT",
}
`;

exports[`converter saga recount values saga should select from value 1`] = `
Object {
  "@@redux-saga/IO": true,
  "combinator": false,
  "payload": Object {
    "args": Array [],
    "selector": [Function],
  },
  "type": "SELECT",
}
`;

exports[`converter saga recount values saga should select to value 1`] = `
Object {
  "@@redux-saga/IO": true,
  "combinator": false,
  "payload": Object {
    "args": Array [],
    "selector": [Function],
  },
  "type": "SELECT",
}
`;
